[promocionsocial.org/en/sustainable-palestine/index8abf.html]
[promocionsocial.org/en/sustainable-palestine/e.src]
[backblue.gif]
[fade.gif]
[index.html]
[promocionsocial.org/wp-content/cache/min/1/wp-content/plugins/sitepress-multilingual-cms/dist/css/blocks/styles1681.css]
[promocionsocial.org/wp-content/plugins/custom-twitter-feeds/css/ctf-styles.min431f.css]
[promocionsocial.org/en/sustainable-palestine/index.html]
[promocionsocial.org/wp-content/cache/min/1/wp-content/cache/asset-cleanup/css/item/give__assets__dist__css__give-css-vd9b6aa06fa0da7b7097840b25ddd29f99a8e4e2a1681.css]
[promocionsocial.org/wp-content/cache/min/1/wp-content/plugins/give-form-field-manager/assets/dist/css/give-ffm-frontend1681.css]
[promocionsocial.org/wp-content/cache/min/1/wp-content/plugins/give-form-field-manager/assets/dist/css/give-ffm-datepicker1681.css]
[promocionsocial.org/wp-content/plugins/search-filter-pro/public/assets/css/search-filter.min60a8.css]
[promocionsocial.org/wp-content/themes/Divi/includes/builder/styles/images/preloader.gif]
[promocionsocial.org/wp-content/cache/min/1/wp-content/et-cache/63233/et-divi-dynamic-tb-76970-tb-78463-63233acb9.css]
[promocionsocial.org/en/sustainable-palestine/Firefox/index.html]
[promocionsocial.org/wp-content/plugins/cookie-notice/css/front.min9b30.css]
[promocionsocial.org/wp-content/uploads/2017/07/cropped-Favicon_2-32x32.png]
[promocionsocial.org/wp-content/uploads/2017/07/cropped-Favicon_2-192x192.png]
[promocionsocial.org/wp-content/uploads/2017/07/cropped-Favicon_2-180x180.png]
[promocionsocial.org/wp-content/et-cache/global/et-divi-customizer-global.min9e2d.css]
[promocionsocial.org/wp-includes/js/jquery/jquery.min3088.js]
[promocionsocial.org/wp-includes/js/jquery/jquery-migrate.min5589.js]
[promocionsocial.org/wp-content/cache/min/1/wp-content/plugins/ninja-forms-uploads/assets/js/nfpluginsettings0b05.js]
[promocionsocial.org/wp-includes/js/jquery/ui/core.min3f14.js]
[promocionsocial.org/wp-includes/js/jquery/ui/datepicker.min3f14.js]
[promocionsocial.org/wp-includes/js/jquery/ui/mouse.min3f14.js]
[promocionsocial.org/wp-includes/js/jquery/ui/slider.min3f14.js]
[promocionsocial.org/wp-includes/js/clipboard.min3c89.js]
[promocionsocial.org/wp-includes/js/plupload/moxie.mine34c.js]
[promocionsocial.org/wp-includes/js/plupload/plupload.min6c17.js]
[promocionsocial.org/wp-includes/js/underscore.mind584.js]
[promocionsocial.org/wp-includes/js/dist/vendor/wp-polyfill-inert.min0226.js]
[promocionsocial.org/wp-includes/js/dist/vendor/regenerator-runtime.min8fa4.js]
[promocionsocial.org/wp-includes/js/dist/vendor/wp-polyfill.min2c7c.js]
[promocionsocial.org/wp-includes/js/dist/dom-ready.minded6.js]
[promocionsocial.org/wp-includes/js/dist/hooks.min2ebd.js]
[promocionsocial.org/wp-includes/js/dist/i18n.minf92f.js]
[promocionsocial.org/wp-includes/js/dist/a11y.min866e.js]
[promocionsocial.org/wp-includes/js/plupload/handlers.min9b30.js]
[promocionsocial.org/wp-content/cache/min/1/wp-content/plugins/give-form-field-manager/assets/dist/js/give-ffm-frontendc469.js]
[promocionsocial.org/wp-content/cache/min/1/wp-content/plugins/give/assets/dist/js/givec469.js]
[promocionsocial.org/wp-content/uploads/2023/06/Palestina-agronegocio_1.jpg]
[promocionsocial.org/cdn-cgi/scripts/5c5dd728/cloudflare-static/email-decode.min.js]
[tracker.metricool.com/app/resources/be.js]
[promocionsocial.org/wp-content/cache/min/1/wp-content/plugins/give/assets/dist/js/give-donation-summaryc469.js]
[promocionsocial.org/wp-content/cache/min/1/wp-content/plugins/duracelltomi-google-tag-manager/js/gtm4wp-form-move-trackerc469.js]
[promocionsocial.org/wp-content/themes/Divi/js/scripts.min82c5.js]
[promocionsocial.org/wp-content/plugins/cookie-notice/js/front.min367a.js]
[promocionsocial.org/wp-content/cache/min/1/wp-content/themes/Divi/core/admin/js/commonc469.js]
[promocionsocial.org/wp-content/cache/min/1/wp-content/themes/Divi/includes/builder/feature/dynamic-assets/assets/js/sticky-elementsc469.js]
[promocionsocial.org/en/sustainable-palestine/index8abf.html]
[promocionsocial.org/en/sustainable-palestine/e.html]
[promocionsocial.org/en/sustainable-palestine/Firefox/index.html]
[promocionsocial.org/en/sustainable-palestine/index.html]
[promocionsocial.org/wp-content/cache/min/1/wp-content/plugins/sitepress-multilingual-cms/dist/css/blocks/styles1681.css]
[promocionsocial.org/wp-content/plugins/custom-twitter-feeds/css/ctf-styles.min431f.css]
[promocionsocial.org/wp-content/plugins/wp-rocket/assets/js/lazyload/17.8.3/lazyload.min.js]
[promocionsocial.org/wp-content/plugins/give/assets/dist/images/tick.png]
[promocionsocial.org/wp-content/plugins/give/assets/dist/images/dankort.png]
[promocionsocial.org/wp-content/cache/min/1/wp-content/cache/asset-cleanup/css/item/give__assets__dist__css__give-css-vd9b6aa06fa0da7b7097840b25ddd29f99a8e4e2a1681.css]
[promocionsocial.org/wp-content/cache/min/1/wp-content/plugins/give-form-field-manager/assets/dist/css/give-ffm-frontend1681.css]
[promocionsocial.org/wp-content/plugins/give-form-field-manager/assets/dist/img/ui-bg_flat_75_ffffff_40x100.png]
[promocionsocial.org/wp-content/plugins/give-form-field-manager/assets/dist/img/ui-bg_glass_65_ffffff_1x400.png]
[promocionsocial.org/wp-content/plugins/give-form-field-manager/assets/dist/img/ui-bg_glass_55_fbf9ee_1x400.png]
[promocionsocial.org/wp-content/plugins/give-form-field-manager/assets/dist/img/ui-bg_glass_95_fef1ec_1x400.png]
[promocionsocial.org/wp-content/plugins/give-form-field-manager/assets/dist/img/ui-icons_222222_256x240.png]
[promocionsocial.org/wp-content/plugins/give-form-field-manager/assets/dist/img/ui-icons_888888_256x240.png]
[promocionsocial.org/wp-content/plugins/give-form-field-manager/assets/dist/img/ui-icons_454545_256x240.png]
[promocionsocial.org/wp-content/plugins/give-form-field-manager/assets/dist/img/ui-icons_2e83ff_256x240.png]
[promocionsocial.org/wp-content/plugins/give-form-field-manager/assets/dist/img/ui-icons_cd0a0a_256x240.png]
[promocionsocial.org/wp-content/plugins/give-form-field-manager/assets/dist/img/ui-bg_flat_0_aaaaaa_40x100.png]
[promocionsocial.org/wp-content/cache/min/1/wp-content/plugins/give-form-field-manager/assets/dist/css/give-ffm-datepicker1681.css]
[promocionsocial.org/wp-content/plugins/search-filter-pro/public/assets/css/chosen-sprite.png]
[promocionsocial.org/wp-content/plugins/search-filter-pro/public/assets/css/chosen-sprite@2x.png]
[promocionsocial.org/wp-content/plugins/search-filter-pro/public/assets/img/ui-icons_ffffff_256x240.png]
[promocionsocial.org/wp-content/plugins/search-filter-pro/public/assets/css/search-filter.min60a8.css]
[promocionsocial.org/wp-content/cache/min/1/wp-content/et-cache/63233/et-divi-dynamic-tb-76970-tb-78463-63233acb9.css]
[promocionsocial.org/wp-content/plugins/cookie-notice/css/front.min9b30.css]
[promocionsocial.org/wp-content/et-cache/global/et-divi-customizer-global.min9e2d.css]
[www.googletagmanager.com/gtm5445.html]
